{"sessionId":"91ef88","runId":"safety-review","hypothesisId":"H1","location":"facebook-profile-enrichment-safety.test.ts:user-profile","message":"User Profile success","data":{"source":"user_profile_api"},"timestamp":1785613834502}
{"sessionId":"91ef88","runId":"safety-review","hypothesisId":"H2","location":"facebook-profile-enrichment-safety.test.ts:mid-from","message":"MID/from success","data":{"source":"message_from_api","mid":"m_message_a"},"timestamp":1785613834507}
{"sessionId":"91ef88","runId":"safety-review","hypothesisId":"H3","location":"facebook-profile-enrichment-safety.test.ts:no-from-id","message":"Absent from.id rejected","data":{"accepted":false},"timestamp":1785613834508}
{"sessionId":"91ef88","runId":"safety-review","hypothesisId":"H2","location":"facebook-profile-enrichment-safety.test.ts:mismatch","message":"from.id mismatch rejected","data":{"accepted":false},"timestamp":1785613834510}
{"sessionId":"91ef88","runId":"safety-review","hypothesisId":"H10","location":"facebook-profile-enrichment-safety.test.ts:manual","message":"Manual name protected","data":{"lookup":false},"timestamp":1785613834511}
{"sessionId":"91ef88","runId":"safety-review","hypothesisId":"H5","location":"facebook-profile-enrichment-safety.test.ts:dedupe","message":"Dedupe + contact_updated","data":{"fetchCalls":2,"notifyCount":1,"preferredMid":"m_message_b","scheduleReturnedMs":1,"contactName":"Samantha Parezo"},"timestamp":1785613834556}
{"sessionId":"91ef88","runId":"safety-review","hypothesisId":"H6","location":"facebook-profile-enrichment-safety.test.ts:retries","message":"Bounded retries exhausted","data":{"fetchCalls":3,"notifyCount":0},"timestamp":1785613834624}
{"sessionId":"91ef88","runId":"safety-review","hypothesisId":"H10","location":"facebook-profile-enrichment-safety.test.ts:manual-enrich","message":"Manual protected in enrichment","data":{"updateCalls":0,"notifyCount":0},"timestamp":1785613834638}
{"sessionId":"91ef88","runId":"safety-review","hypothesisId":"H7","location":"facebook-profile-enrichment-safety.test.ts:notify-order","message":"contact_updated after DB update","data":{"order":["db_update","notify"],"userId":"user-workspace-1"},"timestamp":1785613834657}
{"sessionId":"91ef88","runId":"safety-review","hypothesisId":"H1","location":"facebook-profile-enrichment-safety.test.ts:user-profile","message":"User Profile success","data":{"source":"user_profile_api"},"timestamp":1788182884078}
{"sessionId":"91ef88","runId":"safety-review","hypothesisId":"H2","location":"facebook-profile-enrichment-safety.test.ts:mid-from","message":"MID/from success","data":{"source":"message_from_api","mid":"m_message_a"},"timestamp":1788182884116}
{"sessionId":"91ef88","runId":"safety-review","hypothesisId":"H3","location":"facebook-profile-enrichment-safety.test.ts:no-from-id","message":"Absent from.id rejected","data":{"accepted":false},"timestamp":1788182884125}
{"sessionId":"91ef88","runId":"safety-review","hypothesisId":"H2","location":"facebook-profile-enrichment-safety.test.ts:mismatch","message":"from.id mismatch rejected","data":{"accepted":false},"timestamp":1788182884132}
{"sessionId":"91ef88","runId":"safety-review","hypothesisId":"H10","location":"facebook-profile-enrichment-safety.test.ts:manual","message":"Manual name protected","data":{"lookup":false},"timestamp":1788182884142}
{"sessionId":"91ef88","runId":"safety-review","hypothesisId":"H5","location":"facebook-profile-enrichment-safety.test.ts:dedupe","message":"Dedupe + contact_updated","data":{"fetchCalls":2,"notifyCount":1,"preferredMid":"m_message_b","scheduleReturnedMs":2,"contactName":"Samantha Parezo"},"timestamp":1788182884191}
{"sessionId":"91ef88","runId":"safety-review","hypothesisId":"H6","location":"facebook-profile-enrichment-safety.test.ts:retries","message":"Bounded retries exhausted","data":{"fetchCalls":3,"notifyCount":0},"timestamp":1788182884262}
{"sessionId":"91ef88","runId":"safety-review","hypothesisId":"H10","location":"facebook-profile-enrichment-safety.test.ts:manual-enrich","message":"Manual protected in enrichment","data":{"updateCalls":0,"notifyCount":0},"timestamp":1788182884287}
{"sessionId":"91ef88","runId":"safety-review","hypothesisId":"H7","location":"facebook-profile-enrichment-safety.test.ts:notify-order","message":"contact_updated after DB update","data":{"order":["db_update","notify"],"userId":"user-workspace-1"},"timestamp":1788182884314}
{"sessionId":"91ef88","runId":"safety-review","hypothesisId":"H1","location":"facebook-profile-enrichment-safety.test.ts:user-profile","message":"User Profile success","data":{"source":"user_profile_api"},"timestamp":1788183517862}
{"sessionId":"91ef88","runId":"safety-review","hypothesisId":"H2","location":"facebook-profile-enrichment-safety.test.ts:mid-from","message":"MID/from success","data":{"source":"message_from_api","mid":"m_message_a"},"timestamp":1788183517873}
{"sessionId":"91ef88","runId":"safety-review","hypothesisId":"H3","location":"facebook-profile-enrichment-safety.test.ts:no-from-id","message":"Absent from.id rejected","data":{"accepted":false},"timestamp":1788183517874}
{"sessionId":"91ef88","runId":"safety-review","hypothesisId":"H2","location":"facebook-profile-enrichment-safety.test.ts:mismatch","message":"from.id mismatch rejected","data":{"accepted":false},"timestamp":1788183517876}
{"sessionId":"91ef88","runId":"safety-review","hypothesisId":"H10","location":"facebook-profile-enrichment-safety.test.ts:manual","message":"Manual name protected","data":{"lookup":false},"timestamp":1788183517877}
{"sessionId":"91ef88","runId":"safety-review","hypothesisId":"H5","location":"facebook-profile-enrichment-safety.test.ts:dedupe","message":"Dedupe + contact_updated","data":{"fetchCalls":2,"notifyCount":1,"preferredMid":"m_message_b","scheduleReturnedMs":0,"contactName":"Samantha Parezo"},"timestamp":1788183517931}
{"sessionId":"91ef88","runId":"safety-review","hypothesisId":"H6","location":"facebook-profile-enrichment-safety.test.ts:retries","message":"Bounded retries exhausted","data":{"fetchCalls":3,"notifyCount":0},"timestamp":1788183517993}
{"sessionId":"91ef88","runId":"safety-review","hypothesisId":"H10","location":"facebook-profile-enrichment-safety.test.ts:manual-enrich","message":"Manual protected in enrichment","data":{"updateCalls":0,"notifyCount":0},"timestamp":1788183518008}
{"sessionId":"91ef88","runId":"safety-review","hypothesisId":"H7","location":"facebook-profile-enrichment-safety.test.ts:notify-order","message":"contact_updated after DB update","data":{"order":["db_update","notify"],"userId":"user-workspace-1"},"timestamp":1788183518024}
